#0 building with "desktop-linux" instance using docker driver

#1 [internal] load build definition from Dockerfile
#1 transferring dockerfile: 557B done
#1 DONE 0.0s

#2 [internal] load metadata for docker.io/library/python:3.12-slim
#2 DONE 0.2s

#3 [internal] load .dockerignore
#3 transferring context: 94B done
#3 DONE 0.0s

#4 [internal] load build context
#4 transferring context: 891B done
#4 DONE 0.0s

#5 [1/7] FROM docker.io/library/python:3.12-slim@sha256:090ba77e2958f6af52a5341f788b50b032dd4ca28377d2893dcf1ecbdfdfe203
#5 resolve docker.io/library/python:3.12-slim@sha256:090ba77e2958f6af52a5341f788b50b032dd4ca28377d2893dcf1ecbdfdfe203 0.0s done
#5 DONE 0.0s

#6 [3/7] COPY requirements.txt .
#6 CACHED

#7 [2/7] WORKDIR /app
#7 CACHED

#8 [5/7] RUN pip uninstall -y opencv-python     && pip install --no-deps --force-reinstall "opencv-python-headless>=4.10,<5"
#8 CACHED

#9 [6/7] COPY app ./app
#9 CACHED

#10 [4/7] RUN pip install --no-cache-dir -r requirements.txt
#10 CACHED

#11 [7/7] COPY models ./models
#11 CACHED

#12 exporting to image
#12 exporting layers done
#12 exporting manifest sha256:f584ba45d6b6a53175efeef2701de7756c25005912c3f33a0c278e22ab73f087 done
#12 exporting config sha256:29e356399d890aa7ce2e7bb6e6738b5f66f8f0a7f5cf38a98448e3e5fac08274 done
#12 exporting attestation manifest sha256:91bf469b079dc2ac05e22616381d8126aba594325b1ec389b4e977181f56b185 0.0s done
#12 exporting manifest list sha256:ad4a8ac2b1e721802be4c9d0c7e0e7631a731db2a3cf2557c05cabdf8a51cbde
#12 exporting manifest list sha256:ad4a8ac2b1e721802be4c9d0c7e0e7631a731db2a3cf2557c05cabdf8a51cbde 0.0s done
#12 naming to docker.io/library/four-color-ai:latest done
#12 unpacking to docker.io/library/four-color-ai:latest 0.0s done
#12 DONE 0.1s

View build details: docker-desktop://dashboard/build/desktop-linux/desktop-linux/3t7i0aqcjycluw4ulnlkhok0p
